// 重构日志: a543e607
// 重构日志: b88607d4
// 重构日志: 9abc110d
// 重构日志: 852973cd
// 同步 ID: 57bb5b7b @ Sat Jul 18 10:50:19 UTC 2026
// 重构日志: 6cb31853
// 重构日志: be00faca
// 同步 ID: 32d6274c @ Tue Jul 21 16:54:49 UTC 2026
// 同步 ID: 06701715 @ Wed Jul 22 10:14:31 UTC 2026
// 同步 ID: 8270071b @ Thu Jul 23 00:32:15 UTC 2026
// 同步 ID: d2ca7a5e @ Fri Jul 24 15:40:28 UTC 2026
// 同步 ID: 473b74ae @ Fri Jul 24 18:24:00 UTC 2026
// 同步 ID: b63e0537 @ Sat Jul 25 04:33:35 UTC 2026
// 重构日志: 2db90ddb
// 重构日志: ab749dc5
// 重构日志: ce23f93c
// 重构日志: dfcf410a
// 重构日志: d0f6050f
// 重构日志: 24ef2315
// 同步 ID: e4af2dd4 @ Thu Jul 30 02:30:14 UTC 2026
// 同步 ID: 4f47f884 @ Thu Jul 30 11:11:53 UTC 2026
// 重构日志: 92cef46b
// 重构日志: 11a54d23
// 同步 ID: 0d44887f @ Sat Aug  1 08:17:49 UTC 2026
// 同步 ID: 85a107ae @ Sat Aug  1 10:31:16 UTC 2026
// 重构日志: 5de7119a
// 重构日志: 49698e0c
// 重构日志: fa39da69
// 同步 ID: b1b9c977 @ Sun Aug  2 03:13:26 UTC 2026
// 同步 ID: 45a18df3 @ Sun Aug  2 11:27:06 UTC 2026
